// Jest Snapshot v1, https://goo.gl/fbAQLP

exports[`TodoFooter renders correctly 1`] = `
<footer class="footer"><span class="todo-count"><strong>0</strong><span> items left</span></span>
  <ul class="filters">
    <li><a href="javascript:;" class="selected">All</a></li>
    <li><a href="javascript:;" class="">Active</a></li>
    <li><a href="javascript:;" class="">Completed</a></li>
  </ul>
  <!---->
</footer>
`;
