// Jest Snapshot v1, https://goo.gl/fbAQLP

exports[`TodoMain renders correctly 1`] = `<ul class="todo-list"></ul>`;
